Microchip Technology Inc, v1.36 (B)

Tool Name:
  c:\program files (x86)\microchip\xc16\v1.36\bin\bin\..\bin/elf-ld.exe

Command:
  -TC:\\Users\\pvan002\\AppData\\Local\\Temp\\tmp00003740.00 \
  -TC:\\Users\\pvan002\\AppData\\Local\\Temp\\tmp00003740.01 \
  -TC:\\Users\\pvan002\\AppData\\Local\\Temp\\tmp00003740.02 \
  -TC:\\Users\\pvan002\\AppData\\Local\\Temp\\tmp00003740.03 \
  -TC:\\Users\\pvan002\\AppData\\Local\\Temp\\tmp00003740.04 \
  -TC:\\Users\\pvan002\\AppData\\Local\\Temp\\tmp00003740.05 \
  -TC:\\Users\\pvan002\\AppData\\Local\\Temp\\tmp00003740.06 \
  -p24FJ256GB406 \
  -o \
  dist/default/debug/R1.debug.elf \
  -Lc:/program files (x86)/microchip/xc16/v1.36/bin/bin/.. \
  -Lc:/program files (x86)/microchip/xc16/v1.36/bin/bin/../../lib \
  -Lc:/program files (x86)/microchip/xc16/v1.36/bin/bin/../../support/PIC24E/gld \
  -Lc:/program files (x86)/microchip/xc16/v1.36/bin/bin/../../support/PIC24F/gld \
  -Lc:/program files (x86)/microchip/xc16/v1.36/bin/bin/../../support/PIC24H/gld \
  -Lc:/program files (x86)/microchip/xc16/v1.36/bin/bin/../../support/dsPIC30F/gld \
  -Lc:/program files (x86)/microchip/xc16/v1.36/bin/bin/../../support/dsPIC33C/gld \
  -Lc:/program files (x86)/microchip/xc16/v1.36/bin/bin/../../support/dsPIC33E/gld \
  -Lc:/program files (x86)/microchip/xc16/v1.36/bin/bin/../../support/dsPIC33F/gld \
  build/default/debug/main.o \
  build/default/debug/HAL.o \
  build/default/debug/RN4871.o \
  build/default/debug/FRAM.o \
  build/default/debug/rtcc.o \
  build/default/debug/system.o \
  build/default/debug/BME680.o \
  build/default/debug/epaper.o \
  build/default/debug/memory.o \
  --local-stack \
  --defsym=__MPLAB_BUILD=1 \
  --defsym=__MPLAB_DEBUG=1 \
  --defsym=__DEBUG=1 \
  --defsym=__MPLAB_DEBUGGER_ICD3=1 \
  -Tp24FJ256GB406.gld.07 \
  --stack=16 \
  --check-sections \
  --data-init \
  --pack-data \
  --handles \
  --isr \
  --no-gc-sections \
  --fill-upper=0 \
  --stackguard=16 \
  --no-force-link \
  --smart-io \
  -Map=dist/default/debug/R1.debug.map \
  --report-mem \
  --memorysummary \
  dist/default/debug/memoryfile.xml \
  -start-group \
  --library=lega-pic30-elf \
  --library=m-elf \
  --library=lega-c-elf \
  -end-group \


Optional library libpPIC24Fxxx.a not found
Archive member included because of file (symbol)

c:/program files (x86)/microchip/xc16/v1.36/bin/bin/../../lib\liblega-pic30-elf.a(crt0_extended24.o)
                              (__resetPRI)
c:/program files (x86)/microchip/xc16/v1.36/bin/bin/../../lib\liblega-pic30-elf.a(data_init_24.o)
                              c:/program files (x86)/microchip/xc16/v1.36/bin/bin/../../lib\liblega-pic30-elf.a(crt0_extended24.o) (__data_init_da)
c:/program files (x86)/microchip/xc16/v1.36/bin/bin/../../lib\liblega-pic30-elf.a(crt_start_mode_normalda.Leo)
                              (__crt_start_mode_normal)
c:/program files (x86)/microchip/xc16/v1.36/bin/bin/../../lib\liblega-pic30-elf.a(delay32da.Leo)
                              build/default/debug/main.o (___delay32)
c:/program files (x86)/microchip/xc16/v1.36/bin/bin/../../lib\libm-elf.a(addsf3.daeo)
                              build/default/debug/system.o (___subsf3)
c:/program files (x86)/microchip/xc16/v1.36/bin/bin/../../lib\libm-elf.a(divsf3.daeo)
                              build/default/debug/system.o (___divsf3)
c:/program files (x86)/microchip/xc16/v1.36/bin/bin/../../lib\libm-elf.a(divsi3.daeo)
                              build/default/debug/BME680.o (___divsi3)
c:/program files (x86)/microchip/xc16/v1.36/bin/bin/../../lib\libm-elf.a(feqltle.daeo)
                              build/default/debug/system.o (___ltsf2)
c:/program files (x86)/microchip/xc16/v1.36/bin/bin/../../lib\libm-elf.a(fgtge.daeo)
                              build/default/debug/memory.o (___gtsf2)
c:/program files (x86)/microchip/xc16/v1.36/bin/bin/../../lib\libm-elf.a(fixsfsi.daeo)
                              build/default/debug/epaper.o (_(float, int, long long, short, float, short, int))
c:/program files (x86)/microchip/xc16/v1.36/bin/bin/../../lib\libm-elf.a(fixunssfsi.daeo)
                              build/default/debug/system.o (___fixunssfsi)
c:/program files (x86)/microchip/xc16/v1.36/bin/bin/../../lib\libm-elf.a(floatsisf.daeo)
                              build/default/debug/system.o (___floatsisf)
c:/program files (x86)/microchip/xc16/v1.36/bin/bin/../../lib\libm-elf.a(floatunsisf.daeo)
                              build/default/debug/system.o (___floatunsisf)
c:/program files (x86)/microchip/xc16/v1.36/bin/bin/../../lib\libm-elf.a(floorf.daeo)
                              build/default/debug/system.o (_floorf)
c:/program files (x86)/microchip/xc16/v1.36/bin/bin/../../lib\libm-elf.a(fpack.daeo)
                              c:/program files (x86)/microchip/xc16/v1.36/bin/bin/../../lib\libm-elf.a(addsf3.daeo) (__fpack)
[...]
Memory Configuration

Name             Origin             Length             Attributes
data             0x000800           0x004000           a !xr
FBOOT            0x801800           0x000002  
reset            0x000000           0x000004  
ivt              0x000004           0x0000fc  
program          0x000100           0x02ae80           xr
FSEC             0x02af80           0x000002  
FBSLIM           0x02af90           0x000002  
FSIGN            0x02af94           0x000002  
FOSCSEL          0x02af98           0x000002  
FOSC             0x02af9c           0x000002  
FWDT             0x02afa0           0x000002  
FPOR             0x02afa4           0x000002  
FICD             0x02afa8           0x000002  
FDS              0x02afac           0x000002  
FDEVOPT1         0x02afb0           0x000002  
*default*        0x000000           0xffffffff  

Linker script and memory map


reserve_data_0x800
                    0x0800         0x1c
                    0x081c                  . = 0x1c
 *fill*             0x0800         0x1c00

reserve_data_0x81c
                    0x081c          0x2
                    0x081e                  . = 0x2
 *fill*             0x081c          0x200

reserve_data_0x81e
                    0x081e          0x2
                    0x0820                  . = 0x2
 *fill*             0x081e          0x200

reserve_data_0x820
                    0x0820          0x2
                    0x0822                  . = 0x2
 *fill*             0x0820          0x200

reserve_data_0x822
                    0x0822          0x2
                    0x0824                  . = 0x2
 *fill*             0x0822          0x200

reserve_data_0x824
                    0x0824          0x4
                    0x0828                  . = 0x4
 *fill*             0x0824          0x400

reserve_data_0x82a
                    0x082a         0x26
                    0x0850                  . = 0x26
 *fill*             0x082a         0x2600
LOAD build/default/debug/main.o
LOAD build/default/debug/HAL.o
LOAD build/default/debug/RN4871.o
LOAD build/default/debug/FRAM.o
LOAD build/default/debug/rtcc.o
LOAD build/default/debug/system.o
LOAD build/default/debug/BME680.o
LOAD build/default/debug/epaper.o
LOAD build/default/debug/memory.o
                    0x0001                  __MPLAB_BUILD = 0x1
                    0x0001                  __MPLAB_DEBUG = 0x1
                    0x0001                  __DEBUG = 0x1
                    0x0001                  __MPLAB_DEBUGGER_ICD3 = 0x1
LOAD pPIC24Fxxx
LOAD c:/program files (x86)/microchip/xc16/v1.36/bin/bin/../../lib\libfx-elf.a
                    0x801800                  __FBOOT = 0x801800
                    0x2af80                  __FSEC = 0x2af80
                    0x2af90                  __FBSLIM = 0x2af90
                    0x2af94                  __FSIGN = 0x2af94
                    0x2af98                  __FOSCSEL = 0x2af98
                    0x2af9c                  __FOSC = 0x2af9c
                    0x2afa0                  __FWDT = 0x2afa0
                    0x2afa4                  __FPOR = 0x2afa4
                    0x2afa8                  __FICD = 0x2afa8
                    0x2afac                  __FDS = 0x2afac
                    0x2afb0                  __FDEVOPT1 = 0x2afb0
                    0x0100                  __CODE_BASE = 0x100
                    0x2ae80                  __CODE_LENGTH = 0x2ae80
                    0x0004                  __IVT_BASE = 0x4
                    0x0800                  __DATA_BASE = 0x800
                    0x4000                  __DATA_LENGTH = 0x4000

.reset            0x000000          0x4
                  0x000000          0x2 SHORT 0x100 ABSOLUTE (__reset)
                  0x000001          0x2 SHORT 0x4
                  0x000002          0x2 SHORT 0x0 ((ABSOLUTE (__reset) >> 0x10) & 0x7f)
                  0x000003          0x2 SHORT 0x0

.text             0x000100       0x2610
 *(.init)
 .init            0x000100         0x4c c:/program files (x86)/microchip/xc16/v1.36/bin/bin/../../lib\liblega-pic30-elf.a(crt0_extended24.o)
                  0x000100                  __resetPRI
                  0x000100                  __reset
                  0x00013c                  __psv_init
 .init            0x00014c         0xb8 c:/program files (x86)/microchip/xc16/v1.36/bin/bin/../../lib\liblega-pic30-elf.a(data_init_24.o)
                  0x000152                  __data_init
                  0x000152                  __data_init_da
 *(.user_init)
 *(.handle)
 .handle          0x000204         0x18 jump_table
 *(.isr*)
 .isr.text        0x00021c        0x174 build/default/debug/HAL.o
                  0x00021c                  __U1RXInterrupt
                  0x00024a                  __U1ErrInterrupt
                  0x000260                  __U2RXInterrupt
                  0x000268                  __U2ErrInterrupt
                  0x00027e                  __U3RXInterrupt
                  0x000286                  __INT0Interrupt
                  0x000296                  __INT1Interrupt
                  0x0002a6                  __INT2Interrupt
                  0x0002b6                  __INT3Interrupt
                  0x0002c6                  __INT4Interrupt
                  0x0002ee                  __RTCCInterrupt
                  0x00030e                  __T1Interrupt
                  0x000320                  __T2Interrupt
                  0x000332                  __T3Interrupt
                  0x000344                  __T4Interrupt
                  0x000356                  __T5Interrupt
                  0x00036e                  __OscillatorFail
                  0x000376                  __StackError
                  0x000380                  __AddressError
                  0x000388                  __MathError
 .isr             0x000390          0x4 default_isr
                  0x000390                  __DefaultInterrupt
 *(.libc)
 .libc            0x000394         0x28 c:/program files (x86)/microchip/xc16/v1.36/bin/bin/../../lib\liblega-pic30-elf.a(sbrkda.Leo)
                  0x000394                  _sbrk
 .libc            0x0003bc          0x2 c:/program files (x86)/microchip/xc16/v1.36/bin/bin/../../lib\liblega-pic30-elf.a(getenvda.Leo)
                  0x0003bc                  _getenv
 .libc            0x0003be         0x1a c:/program files (x86)/microchip/xc16/v1.36/bin/bin/../../lib\liblega-pic30-elf.a(brkda.Lelo)
                  0x0003be                  _brk
 *(.libm)
 *(.libdsp)
 *(.lib*)
 .libpic30_crt_start_mode
                  0x0003d8          0x2 c:/program files (x86)/microchip/xc16/v1.36/bin/bin/../../lib\liblega-pic30-elf.a(crt_start_mode_normalda.Leo)
                  0x0003d8                  __crt_start_mode
                  0x0003d8                  __crt_start_mode_normal
 .libm.subsf3     0x0003da         0xbc c:/program files (x86)/microchip/xc16/v1.36/bin/bin/../../lib\libm-elf.a(addsf3.daeo)
                  0x0003da                  ___subsf3
                  0x0003dc                  ___addsf3
 .libm.divfs3     0x000496         0x84 c:/program files (x86)/microchip/xc16/v1.36/bin/bin/../../lib\libm-elf.a(divsf3.daeo)
                  0x000496                  ___divsf3
 .libm.divsi3     0x00051a         0x1e c:/program files (x86)/microchip/xc16/v1.36/bin/bin/../../lib\libm-elf.a(divsi3.daeo)
                  0x00051a                  ___divsi3
 .libm.eqsf2      0x000538          0x4 c:/program files (x86)/microchip/xc16/v1.36/bin/bin/../../lib\libm-elf.a(feqltle.daeo)
                  0x000538                  ___eqsf2
                  0x000538                  ___ltsf2
                  0x000538                  ___lesf2
 .libm.gtsf2      0x00053c          0x4 c:/program files (x86)/microchip/xc16/v1.36/bin/bin/../../lib\libm-elf.a(fgtge.daeo)
                  0x00053c                  ___gesf2
                  0x00053c                  ___gtsf2
 .libm.fixsfsi    0x000540         0x42 c:/program files (x86)/microchip/xc16/v1.36/bin/bin/../../lib\libm-elf.a(fixsfsi.daeo)
                  0x000540                  _(float, int, long long, short, float, short, int)
 .libm.fixunssfsi
                  0x000582         0x36 c:/program files (x86)/microchip/xc16/v1.36/bin/bin/../../lib\libm-elf.a(fixunssfsi.daeo)
                  0x000582                  ___fixunssfsi
 .libm.floatsisf
                  0x0005b8          0x6 c:/program files (x86)/microchip/xc16/v1.36/bin/bin/../../lib\libm-elf.a(floatsisf.daeo)
                  0x0005b8                  ___floatsisf
 .libm.floatunsisf
                  0x0005be          0x4 c:/program files (x86)/microchip/xc16/v1.36/bin/bin/../../lib\libm-elf.a(floatunsisf.daeo)
                  0x0005be                  ___floatunsisf
 .libm.floorf     0x0005c2         0x10 c:/program files (x86)/microchip/xc16/v1.36/bin/bin/../../lib\libm-elf.a(floorf.daeo)
                  0x0005c2                  _floorf
 .libm.fpack      0x0005d2         0x4c c:/program files (x86)/microchip/xc16/v1.36/bin/bin/../../lib\libm-elf.a(fpack.daeo)
                  0x0005d2                  __fpack
 .libm.funpack    0x00061e         0x2a c:/program files (x86)/microchip/xc16/v1.36/bin/bin/../../lib\libm-elf.a(funpack.daeo)
                  0x00061e                  __funpack
 .libm.funpack2
                  0x000648         0x10 c:/program files (x86)/microchip/xc16/v1.36/bin/bin/../../lib\libm-elf.a(funpack2.daeo)
                  0x000648                  __funpack2
 .libm.fPropagateNaN
                  0x000658         0x12 c:/program files (x86)/microchip/xc16/v1.36/bin/bin/../../lib\libm-elf.a(futil.daeo)
                  0x000658                  __fPropagateNaN
 .libm.fbobExit
                  0x00066a          0x8 c:/program files (x86)/microchip/xc16/v1.36/bin/bin/../../lib\libm-elf.a(futil.daeo)
                  0x00066a                  __fbopExit
 .libm.fbopReturnNaN
                  0x000672          0x6 c:/program files (x86)/microchip/xc16/v1.36/bin/bin/../../lib\libm-elf.a(futil.daeo)
                  0x000672                  __fbopReturnNaN
 .libm.mulsf3     0x000678         0x68 c:/program files (x86)/microchip/xc16/v1.36/bin/bin/../../lib\libm-elf.a(mulsf3.daeo)
                  0x000678                  ___mulsf3
 .libm.sinf       0x0006e0          0x4 c:/program files (x86)/microchip/xc16/v1.36/bin/bin/../../lib\libm-elf.a(sinf.daeo)
                  0x0006e0                  _sinf
 .libm.tanf       0x0006e4         0xba c:/program files (x86)/microchip/xc16/v1.36/bin/bin/../../lib\libm-elf.a(tanf.daeo)
                  0x0006e4                  _tanf
 .libm.udivsi3    0x00079e         0x20 c:/program files (x86)/microchip/xc16/v1.36/bin/bin/../../lib\libm-elf.a(udivsi3.daeo)
                  0x00079e                  ___udivsi3
 .libm.__PplusBdi
                  0x0007be         0x26 c:/program files (x86)/microchip/xc16/v1.36/bin/bin/../../lib\libm-elf.a(divmoddi3.daeo)
 .libm.__PminusBdi
                  0x0007e4         0x26 c:/program files (x86)/microchip/xc16/v1.36/bin/bin/../../lib\libm-elf.a(divmoddi3.daeo)
 .libm.__udivmoddi3
                  0x00080a         0xe6 c:/program files (x86)/microchip/xc16/v1.36/bin/bin/../../lib\libm-elf.a(divmoddi3.daeo)
                  0x00080a                  ___udivmoddi3
 .libm.__udivdi3
                  0x0008f0          0xe c:/program files (x86)/microchip/xc16/v1.36/bin/bin/../../lib\libm-elf.a(divmoddi3.daeo)
                  0x0008f0                  ___udivdi3
 .libm.__umoddi3
                  0x0008fe          0x8 c:/program files (x86)/microchip/xc16/v1.36/bin/bin/../../lib\libm-elf.a(divmoddi3.daeo)
                  0x0008fe                  ___umoddi3
 .libm.__divdi3
                  0x000906         0x60 c:/program files (x86)/microchip/xc16/v1.36/bin/bin/../../lib\libm-elf.a(divmoddi3.daeo)
                  0x000906                  ___divdi3
 .libm.__moddi3
                  0x000966         0x5c c:/program files (x86)/microchip/xc16/v1.36/bin/bin/../../lib\libm-elf.a(divmoddi3.daeo)
                  0x000966                  ___moddi3
 .libm.__muldi3
                  0x0009c2         0x52 c:/program files (x86)/microchip/xc16/v1.36/bin/bin/../../lib\libm-elf.a(muldi3.daeo)
                  0x0009c2                  ___muldi3
 .libm.fchop      0x000a14         0x4e c:/program files (x86)/microchip/xc16/v1.36/bin/bin/../../lib\libm-elf.a(fchop.daeo)
                  0x000a14                  __fchop
 .libm.fcompare
                  0x000a62         0x36 c:/program files (x86)/microchip/xc16/v1.36/bin/bin/../../lib\libm-elf.a(fcompare.daeo)
                  0x000a62                  __fcompare
 .libm.floatdisf
                  0x000a98         0x20 c:/program files (x86)/microchip/xc16/v1.36/bin/bin/../../lib\libm-elf.a(floatdisf.daeo)
                  0x000a98                  ___floatdisf
 .libm.floatundisf
                  0x000ab8         0x5e c:/program files (x86)/microchip/xc16/v1.36/bin/bin/../../lib\libm-elf.a(floatundisf.daeo)
                  0x000ab8                  ___floatundisf
 .libm.fmodf      0x000b16          0x4 c:/program files (x86)/microchip/xc16/v1.36/bin/bin/../../lib\libm-elf.a(fmodf.daeo)
                  0x000b16                  _fmodf
 .libm.fmodrem    0x000b1a         0x9e c:/program files (x86)/microchip/xc16/v1.36/bin/bin/../../lib\libm-elf.a(fmodrem.daeo)
                  0x000b1a                  __fmodrem
 .libm.sincosf    0x000bb8         0xd2 c:/program files (x86)/microchip/xc16/v1.36/bin/bin/../../lib\libm-elf.a(sincosf.daeo)
                  0x000bb8                  __sincosf
 .libm.umuldi3    0x000c8a         0x44 c:/program files (x86)/microchip/xc16/v1.36/bin/bin/../../lib\libm-elf.a(umuldi3.daeo)
                  0x000c8a                  ___umuldi3
 .libc.difftime
                  0x000cce         0x22 c:/program files (x86)/microchip/xc16/v1.36/bin/bin/../../lib\liblega-c-elf.a(difftime.DA_eo)
                  0x000cce                  _difftime
 .libc.memcpy     0x000cf0          0xe c:/program files (x86)/microchip/xc16/v1.36/bin/bin/../../lib\liblega-c-elf.a(memcpy.DA_eo)
                  0x000cf0                  _memcpy
 .libc.memset     0x000cfe          0xe c:/program files (x86)/microchip/xc16/v1.36/bin/bin/../../lib\liblega-c-elf.a(memset.DA_eo)
                  0x000cfe                  _memset
 .libc.mktime     0x000d0c        0x118 c:/program files (x86)/microchip/xc16/v1.36/bin/bin/../../lib\liblega-c-elf.a(mktime.DA_eo)
                  0x000d0c                  _mktime
 .libc.rand       0x000e24         0x8e c:/program files (x86)/microchip/xc16/v1.36/bin/bin/../../lib\liblega-c-elf.a(rand.DA_eo)
                  0x000e24                  _rand
 .libc.strcat     0x000eb2         0x14 c:/program files (x86)/microchip/xc16/v1.36/bin/bin/../../lib\liblega-c-elf.a(strcat.DA_eo)
                  0x000eb2                  _strcat
 .libc.strcpy     0x000ec6          0xc c:/program files (x86)/microchip/xc16/v1.36/bin/bin/../../lib\liblega-c-elf.a(strcpy.DA_eo)
                  0x000ec6                  _strcpy
 .libc.strlen     0x000ed2          0xc c:/program files (x86)/microchip/xc16/v1.36/bin/bin/../../lib\liblega-c-elf.a(strlen.DA_eo)
                  0x000ed2                  _strlen
 .libc.strncmp    0x000ede         0x28 c:/program files (x86)/microchip/xc16/v1.36/bin/bin/../../lib\liblega-c-elf.a(strncmp.DA_eo)
                  0x000ede                  _strncmp
 .libc.strncpy    0x000f06         0x1e c:/program files (x86)/microchip/xc16/v1.36/bin/bin/../../lib\liblega-c-elf.a(strncpy.DA_eo)
                  0x000f06                  _strncpy
 .libc._Stoul     0x000f24        0x138 c:/program files (x86)/microchip/xc16/v1.36/bin/bin/../../lib\liblega-c-elf.a(xstoul.DA_eo)
                  0x000f24                  __Stoul
 .libc._Daysto    0x00105c         0x36 c:/program files (x86)/microchip/xc16/v1.36/bin/bin/../../lib\liblega-c-elf.a(xttotm.DA_eo)
                  0x00105c                  __Daysto
 .libc._Ttotm     0x001092         0xf0 c:/program files (x86)/microchip/xc16/v1.36/bin/bin/../../lib\liblega-c-elf.a(xttotm.DA_eo)
                  0x001092                  __Ttotm
 .libc.isspace    0x001182         0x10 c:/program files (x86)/microchip/xc16/v1.36/bin/bin/../../lib\liblega-c-elf.a(isspace.DA_elso)
                  0x001182                  _isspace
 .libc.tolower    0x001192          0xe c:/program files (x86)/microchip/xc16/v1.36/bin/bin/../../lib\liblega-c-elf.a(tolower.DA_elso)
                  0x001192                  _tolower
 .libc._Tzoff     0x0011a0         0x86 c:/program files (x86)/microchip/xc16/v1.36/bin/bin/../../lib\liblega-c-elf.a(localtim.DA_elo)
                  0x0011a0                  __Tzoff
 .libc.localtime
                  0x001226         0x14 c:/program files (x86)/microchip/xc16/v1.36/bin/bin/../../lib\liblega-c-elf.a(localtim.DA_elo)
                  0x001226                  _localtime
 .libc.strtol     0x00123a         0x9a c:/program files (x86)/microchip/xc16/v1.36/bin/bin/../../lib\liblega-c-elf.a(strtol.DA_elo)
                  0x00123a                  _strtol
 .libc.reformat
                  0x0012d4         0xc4 c:/program files (x86)/microchip/xc16/v1.36/bin/bin/../../lib\liblega-c-elf.a(xgetzone.DA_elo)
 .libc.getzone    0x001398         0x24 c:/program files (x86)/microchip/xc16/v1.36/bin/bin/../../lib\liblega-c-elf.a(xgetzone.DA_elo)
 .libc._Getzone
                  0x0013bc         0x14 c:/program files (x86)/microchip/xc16/v1.36/bin/bin/../../lib\liblega-c-elf.a(xgetzone.DA_elo)
                  0x0013bc                  __Getzone
 .libc._Tls_reg_rules
                  0x0013d0          0x4 c:/program files (x86)/microchip/xc16/v1.36/bin/bin/../../lib\liblega-c-elf.a(xisdst.DA_elo)
 .libc._Tls_setupx_rules
                  0x0013d4         0x14 c:/program files (x86)/microchip/xc16/v1.36/bin/bin/../../lib\liblega-c-elf.a(xisdst.DA_elo)
 .libc.free_tls.clone.0
                  0x0013e8          0x4 c:/program files (x86)/microchip/xc16/v1.36/bin/bin/../../lib\liblega-c-elf.a(xisdst.DA_elo)
 .libc._Tls_dtor_rules
                  0x0013ec          0x2 c:/program files (x86)/microchip/xc16/v1.36/bin/bin/../../lib\liblega-c-elf.a(xisdst.DA_elo)
                  0x0013ec                  xisdst.DA_elo:__Tls_dtor_rules
 .libc._Isdst     0x0013ee        0x136 c:/program files (x86)/microchip/xc16/v1.36/bin/bin/../../lib\liblega-c-elf.a(xisdst.DA_elo)
                  0x0013ee                  __Isdst
 .libc.prout      0x001524          0xe c:/program files (x86)/microchip/xc16/v1.36/bin/bin/../../lib\liblega-c-elf.a(sprintf_cdnopsuxX.DAeo)
                  0x001524                  sprintf_cdnopsuxX.DAeo:_prout
 .libc._sprintf_cdnopsuxX
                  0x001532         0x1e c:/program files (x86)/microchip/xc16/v1.36/bin/bin/../../lib\liblega-c-elf.a(sprintf_cdnopsuxX.DAeo)
                  0x001532                  __sprintf_cdnopuxX
                  0x001532                  __sprintf_cdnopsuxX
 .libc.__Printf_cdnopsuxX
                  0x001550        0x164 c:/program files (x86)/microchip/xc16/v1.36/bin/bin/../../lib\liblega-c-elf.a(xprintf_cdnopsuxX.DAeo)
                  0x001550                  ___Printf_cdnopuxX
                  0x001550                  ___Printf_cdnopsuxX
 .libc.__Putfld_cdnopsuxX
                  0x0016b4        0x256 c:/program files (x86)/microchip/xc16/v1.36/bin/bin/../../lib\liblega-c-elf.a(xputfld_cdnopsuxX.DAeo)
                  0x0016b4                  ___Putfld_cdnopsuxX
                  0x0016b4                  ___Putfld_cdnopuxX
 .libc.isalpha    0x00190a         0x14 c:/program files (x86)/microchip/xc16/v1.36/bin/bin/../../lib\liblega-c-elf.a(isalpha.DA_eso)
                  0x00190a                  _isalpha
 .libc._Getptimes
                  0x00191e          0xc c:/program files (x86)/microchip/xc16/v1.36/bin/bin/../../lib\liblega-c-elf.a(asctime.DA_eo)
                  0x00191e                  __Getptimes
 .libc.asctime    0x00192a         0x10 c:/program files (x86)/microchip/xc16/v1.36/bin/bin/../../lib\liblega-c-elf.a(asctime.DA_eo)
                  0x00192a                  _asctime
 .libc.free       0x00193a         0x64 c:/program files (x86)/microchip/xc16/v1.36/bin/bin/../../lib\liblega-c-elf.a(free.DA_eo)
                  0x00193a                  _free
 .libc.findmem    0x00199e         0x66 c:/program files (x86)/microchip/xc16/v1.36/bin/bin/../../lib\liblega-c-elf.a(malloc.DA_eo)
 .libc.malloc     0x001a04         0x54 c:/program files (x86)/microchip/xc16/v1.36/bin/bin/../../lib\liblega-c-elf.a(malloc.DA_eo)
                  0x001a04                  _malloc
 .libc.memchr     0x001a58         0x14 c:/program files (x86)/microchip/xc16/v1.36/bin/bin/../../lib\liblega-c-elf.a(memchr.DA_eo)
                  0x001a58                  _memchr
 .libc.strchr     0x001a6c         0x18 c:/program files (x86)/microchip/xc16/v1.36/bin/bin/../../lib\liblega-c-elf.a(strchr.DA_eo)
                  0x001a6c                  _strchr
 .libc._Atexit    0x001a84         0x18 c:/program files (x86)/microchip/xc16/v1.36/bin/bin/../../lib\liblega-c-elf.a(xatexit.DA_eo)
                  0x001a84                  __Atexit
 .libc.getint     0x001a9c         0x1a c:/program files (x86)/microchip/xc16/v1.36/bin/bin/../../lib\liblega-c-elf.a(xgetdst.DA_eo)
 .libc._Getdst    0x001ab6         0xf8 c:/program files (x86)/microchip/xc16/v1.36/bin/bin/../../lib\liblega-c-elf.a(xgetdst.DA_eo)
                  0x001ab6                  __Getdst
 .libc._Getmem    0x001bae         0x14 c:/program files (x86)/microchip/xc16/v1.36/bin/bin/../../lib\liblega-c-elf.a(xgetmem.DA_eo)
                  0x001bae                  __Getmem
 .libc._Gettime
                  0x001bc2         0x40 c:/program files (x86)/microchip/xc16/v1.36/bin/bin/../../lib\liblega-c-elf.a(xgettime.DA_eo)
                  0x001bc2                  __Gettime
 .libc._Litob     0x001c02        0x25e c:/program files (x86)/microchip/xc16/v1.36/bin/bin/../../lib\liblega-c-elf.a(xlitob.DA_eo)
                  0x001c02                  __Litob
 .libc._Puttxt    0x001e60        0x178 c:/program files (x86)/microchip/xc16/v1.36/bin/bin/../../lib\liblega-c-elf.a(xputtxt.DA_eo)
                  0x001e60                  __Puttxt
 .libc._CStrftime
                  0x001fd8         0xd2 c:/program files (x86)/microchip/xc16/v1.36/bin/bin/../../lib\liblega-c-elf.a(xstrftim.DA_eo)
                  0x001fd8                  __CStrftime
 .libc._Vacopy    0x0020aa          0x4 c:/program files (x86)/microchip/xc16/v1.36/bin/bin/../../lib\liblega-c-elf.a(xvacopy.DA_eo)
                  0x0020aa                  __Vacopy
 .libc.wkyr       0x0020ae         0x14 c:/program files (x86)/microchip/xc16/v1.36/bin/bin/../../lib\liblega-c-elf.a(xgentime.DA_elo)
 .libc.cmp_era_date
                  0x0020c2         0x8a c:/program files (x86)/microchip/xc16/v1.36/bin/bin/../../lib\liblega-c-elf.a(xgentime.DA_elo)
 .libc.isleapyr.clone.0
                  0x00214c          0x2 c:/program files (x86)/microchip/xc16/v1.36/bin/bin/../../lib\liblega-c-elf.a(xgentime.DA_elo)
 .libc.ISOwkyr.clone.1
                  0x00214e         0x62 c:/program files (x86)/microchip/xc16/v1.36/bin/bin/../../lib\liblega-c-elf.a(xgentime.DA_elo)
 .libc.ISOyear    0x0021b0         0x1e c:/program files (x86)/microchip/xc16/v1.36/bin/bin/../../lib\liblega-c-elf.a(xgentime.DA_elo)
 .libc.ISOweek.clone.2
                  0x0021ce         0x2c c:/program files (x86)/microchip/xc16/v1.36/bin/bin/../../lib\liblega-c-elf.a(xgentime.DA_elo)
 .libc.getval.clone.3
                  0x0021fa         0x4e c:/program files (x86)/microchip/xc16/v1.36/bin/bin/../../lib\liblega-c-elf.a(xgentime.DA_elo)
 .libc.getera.clone.4
                  0x002248         0x84 c:/program files (x86)/microchip/xc16/v1.36/bin/bin/../../lib\liblega-c-elf.a(xgentime.DA_elo)
 .libc._Gentime
                  0x0022cc        0x414 c:/program files (x86)/microchip/xc16/v1.36/bin/bin/../../lib\liblega-c-elf.a(xgentime.DA_elo)
                  0x0022cc                  __Gentime
 .libm.modsi3     0x0026e0         0x1e c:/program files (x86)/microchip/xc16/v1.36/bin/bin/../../lib\libm-elf.a(modsi3.daeo)
                  0x0026e0                  ___modsi3
 .libm.umodsi3    0x0026fe          0x6 c:/program files (x86)/microchip/xc16/v1.36/bin/bin/../../lib\libm-elf.a(umodsi3.daeo)
                  0x0026fe                  ___umodsi3
 .libm.mulsi3     0x002704          0xc c:/program files (x86)/microchip/xc16/v1.36/bin/bin/../../lib\libm-elf.a(mulsi3.daeo)
                  0x002704                  ___mulp32peds3
                  0x002704                  ___mulsi3
                  0x002704                  ___mulp32eds3

usercode
 *(usercode)

__FBOOT
 *(__FBOOT.sec*)

__FSEC            0x02af80          0x2
 *(__FSEC.sec*)
 __FSEC.sec       0x02af80          0x2 /CW/_FSEC
                  0x02af80                  __FSEC.sec

__FBSLIM
 *(__FBSLIM.sec*)

__FSIGN
 *(__FSIGN.sec*)

__FOSCSEL
 *(__FOSCSEL.sec*)

__FOSC
 *(__FOSC.sec*)

__FWDT
 *(__FWDT.sec*)

__FPOR
 *(__FPOR.sec*)

__FICD
 *(__FICD.sec*)

__FDS
 *(__FDS.sec*)

__FDEVOPT1
 *(__FDEVOPT1.sec*)

.comment
 *(.comment)

.debug_info       0x000000      0x11e57
 *(.debug_info)
 .debug_info      0x000000       0x2164 build/default/debug/main.o
 .debug_info      0x002164       0x74d0 build/default/debug/HAL.o
 .debug_info      0x009634       0x104c build/default/debug/RN4871.o
 .debug_info      0x00a680        0xa62 build/default/debug/FRAM.o
 .debug_info      0x00b0e2        0xdfa build/default/debug/rtcc.o
 .debug_info      0x00bedc       0x1d31 build/default/debug/system.o
 .debug_info      0x00dc0d       0x14b3 build/default/debug/BME680.o
 .debug_info      0x00f0c0       0x194f build/default/debug/epaper.o
 .debug_info      0x010a0f       0x1448 build/default/debug/memory.o
 *(.gnu.linkonce.wi.*)

.debug_abbrev     0x000000        0xef5
 *(.debug_abbrev)
 .debug_abbrev    0x000000        0x12a build/default/debug/main.o
 .debug_abbrev    0x00012a        0x23d build/default/debug/HAL.o
 .debug_abbrev    0x000367        0x1c4 build/default/debug/RN4871.o
 .debug_abbrev    0x00052b        0x156 build/default/debug/FRAM.o
 .debug_abbrev    0x000681        0x1bd build/default/debug/rtcc.o
 .debug_abbrev    0x00083e        0x22e build/default/debug/system.o
 .debug_abbrev    0x000a6c        0x15c build/default/debug/BME680.o
 .debug_abbrev    0x000bc8        0x19c build/default/debug/epaper.o
 .debug_abbrev    0x000d64        0x191 build/default/debug/memory.o

.debug_line       0x000000       0x1ca5
 *(.debug_line)
 .debug_line      0x000000        0x305 build/default/debug/main.o
 .debug_line      0x000305        0x33a build/default/debug/HAL.o
 .debug_line      0x00063f        0x2af build/default/debug/RN4871.o
 .debug_line      0x0008ee        0x21d build/default/debug/FRAM.o
 .debug_line      0x000b0b        0x1cb build/default/debug/rtcc.o
 .debug_line      0x000cd6        0x446 build/default/debug/system.o
 .debug_line      0x00111c        0x303 build/default/debug/BME680.o
 .debug_line      0x00141f        0x453 build/default/debug/epaper.o
 .debug_line      0x001872        0x433 build/default/debug/memory.o

.debug_frame      0x000000       0x1fae
 *(.debug_frame)
 .debug_frame     0x000000         0x3e build/default/debug/main.o
 .debug_frame     0x00003e        0x7c2 build/default/debug/HAL.o
 .debug_frame     0x000800        0x332 build/default/debug/RN4871.o
 .debug_frame     0x000b32        0x1fe build/default/debug/FRAM.o
 .debug_frame     0x000d30        0x1f6 build/default/debug/rtcc.o
 .debug_frame     0x000f26        0x4a8 build/default/debug/system.o
 .debug_frame     0x0013ce        0x2fc build/default/debug/BME680.o
 .debug_frame     0x0016ca        0x362 build/default/debug/epaper.o
 .debug_frame     0x001a2c        0x582 build/default/debug/memory.o

.debug_str        0x000000       0x1204
 *(.debug_str)
 .debug_str       0x000000        0x3c8 build/default/debug/main.o
 .debug_str       0x0003c8        0x4a0 build/default/debug/HAL.o
 .debug_str       0x000868         0xd1 build/default/debug/RN4871.o
 .debug_str       0x000939         0x44 build/default/debug/FRAM.o
 .debug_str       0x00097d        0x102 build/default/debug/rtcc.o
 .debug_str       0x000a7f        0x2cf build/default/debug/system.o
 .debug_str       0x000d4e         0x6d build/default/debug/BME680.o
 .debug_str       0x000dbb        0x288 build/default/debug/epaper.o
 .debug_str       0x001043        0x1c1 build/default/debug/memory.o

.debug_loc
 *(.debug_loc)

.debug_macinfo
 *(.debug_macinfo)

.debug_pubnames
                  0x000000       0x2321
 *(.debug_pubnames)
 .debug_pubnames
                  0x000000        0x87d build/default/debug/main.o
 .debug_pubnames
                  0x00087d        0x57b build/default/debug/HAL.o
 .debug_pubnames
                  0x000df8        0x36f build/default/debug/RN4871.o
 .debug_pubnames
                  0x001167        0x15e build/default/debug/FRAM.o
 .debug_pubnames
                  0x0012c5        0x16b build/default/debug/rtcc.o
 .debug_pubnames
                  0x001430        0x3d7 build/default/debug/system.o
 .debug_pubnames
                  0x001807        0x125 build/default/debug/BME680.o
 .debug_pubnames
                  0x00192c        0x51e build/default/debug/epaper.o
 .debug_pubnames
                  0x001e4a        0x4d7 build/default/debug/memory.o

.debug_ranges
 *(.debug_ranges)

.debug_aranges    0x000000         0xd8
 *(.debug_aranges)
 .debug_aranges
                  0x000000         0x18 build/default/debug/main.o
 .debug_aranges
                  0x000018         0x18 build/default/debug/HAL.o
 .debug_aranges
                  0x000030         0x18 build/default/debug/RN4871.o
 .debug_aranges
                  0x000048         0x18 build/default/debug/FRAM.o
 .debug_aranges
                  0x000060         0x18 build/default/debug/rtcc.o
 .debug_aranges
                  0x000078         0x18 build/default/debug/system.o
 .debug_aranges
                  0x000090         0x18 build/default/debug/BME680.o
 .debug_aranges
                  0x0000a8         0x18 build/default/debug/epaper.o
 .debug_aranges
                  0x0000c0         0x18 build/default/debug/memory.o
                    0x0000                  WREG0 = 0x0
                    0x0000                  _WREG0 = 0x0
                    0x0002                  WREG1 = 0x2
                    0x0002                  _WREG1 = 0x2
                    0x0004                  WREG2 = 0x4
                    0x0004                  _WREG2 = 0x4
                    0x0006                  WREG3 = 0x6
                    0x0006                  _WREG3 = 0x6
                    0x0008                  WREG4 = 0x8
                    0x0008                  _WREG4 = 0x8
                    0x000a                  WREG5 = 0xa
                    0x000a                  _WREG5 = 0xa
                    0x000c                  WREG6 = 0xc
                    0x000c                  _WREG6 = 0xc
                    0x000e                  WREG7 = 0xe
                    0x000e                  _WREG7 = 0xe
                    0x0010                  WREG8 = 0x10
                    0x0010                  _WREG8 = 0x10
                    0x0012                  WREG9 = 0x12
                    0x0012                  _WREG9 = 0x12
                    0x0014                  WREG10 = 0x14
                    0x0014                  _WREG10 = 0x14
                    0x0016                  WREG11 = 0x16
                    0x0016                  _WREG11 = 0x16
                    0x0018                  WREG12 = 0x18
                    0x0018                  _WREG12 = 0x18
                    0x001a                  WREG13 = 0x1a
                    0x001a                  _WREG13 = 0x1a
                    0x001c                  WREG14 = 0x1c
                    0x001c                  _WREG14 = 0x1c
                    0x001e                  WREG15 = 0x1e
                    0x001e                  _WREG15 = 0x1e
                    0x0020                  SPLIM = 0x20
                    0x0020                  _SPLIM = 0x20
                    0x002e                  PCL = 0x2e
                    0x002e                  _PCL = 0x2e
                    0x0030                  PCH = 0x30
                    0x0030                  _PCH = 0x30
                    0x0032                  DSRPAG = 0x32
                    0x0032                  _DSRPAG = 0x32
                    0x0032                  _DSRPAGbits = 0x32
                    0x0034                  DSWPAG = 0x34
                    0x0034                  _DSWPAG = 0x34
                    0x0034                  _DSWPAGbits = 0x34
                    0x0036                  RCOUNT = 0x36
                    0x0036                  _RCOUNT = 0x36
                    0x0042                  SR = 0x42
                    0x0042                  _SR = 0x42
                    0x0042                  _SRbits = 0x42
                    0x0044                  CORCON = 0x44
                    0x0044                  _CORCON = 0x44
                    0x0044                  _CORCONbits = 0x44
                    0x0052                  DISICNT = 0x52
                    0x0052                  _DISICNT = 0x52
                    0x0052                  _DISICNTbits = 0x52
                    0x0054                  TBLPAG = 0x54
                    0x0054                  _TBLPAG = 0x54
                    0x0054                  _TBLPAGbits = 0x54
                    0x0080                  INTCON1 = 0x80
                    0x0080                  _INTCON1 = 0x80
                    0x0080                  _INTCON1bits = 0x80
                    0x0082                  INTCON2 = 0x82
                    0x0082                  _INTCON2 = 0x82
                    0x0082                  _INTCON2bits = 0x82
                    0x0084                  INTCON3 = 0x84
                    0x0084                  _INTCON3 = 0x84
                    0x0086                  INTCON4 = 0x86
                    0x0086                  _INTCON4 = 0x86
                    0x0086                  _INTCON4bits = 0x86
                    0x0088                  IFS0 = 0x88
                    0x0088                  _IFS0 = 0x88
                    0x0088                  _IFS0bits = 0x88
                    0x008a                  IFS1 = 0x8a
                    0x008a                  _IFS1 = 0x8a
                    0x008a                  _IFS1bits = 0x8a
                    0x008c                  IFS2 = 0x8c
                    0x008c                  _IFS2 = 0x8c
                    0x008c                  _IFS2bits = 0x8c
                    0x008e                  IFS3 = 0x8e
                    0x008e                  _IFS3 = 0x8e
                    0x008e                  _IFS3bits = 0x8e
                    0x0090                  IFS4 = 0x90
                    0x0090                  _IFS4 = 0x90
                    0x0090                  _IFS4bits = 0x90
                    0x0092                  IFS5 = 0x92
                    0x0092                  _IFS5 = 0x92
                    0x0092                  _IFS5bits = 0x92
                    0x0094                  IFS6 = 0x94
                    0x0094                  _IFS6 = 0x94
                    0x0094                  _IFS6bits = 0x94
                    0x0096                  IFS7 = 0x96
                    0x0096                  _IFS7 = 0x96
                    0x0096                  _IFS7bits = 0x96
                    0x0098                  IEC0 = 0x98
                    0x0098                  _IEC0 = 0x98
                    0x0098                  _IEC0bits = 0x98
                    0x009a                  IEC1 = 0x9a
                    0x009a                  _IEC1 = 0x9a
                    0x009a                  _IEC1bits = 0x9a
                    0x009c                  IEC2 = 0x9c
                    0x009c                  _IEC2 = 0x9c
                    0x009c                  _IEC2bits = 0x9c
                    0x009e                  IEC3 = 0x9e
                    0x009e                  _IEC3 = 0x9e
                    0x009e                  _IEC3bits = 0x9e
                    0x00a0                  IEC4 = 0xa0
                    0x00a0                  _IEC4 = 0xa0
                    0x00a0                  _IEC4bits = 0xa0
                    0x00a2                  IEC5 = 0xa2
                    0x00a2                  _IEC5 = 0xa2
                    0x00a2                  _IEC5bits = 0xa2
                    0x00a4                  IEC6 = 0xa4
                    0x00a4                  _IEC6 = 0xa4
                    0x00a4                  _IEC6bits = 0xa4
                    0x00a6                  IEC7 = 0xa6
                    0x00a6                  _IEC7 = 0xa6
                    0x00a6                  _IEC7bits = 0xa6
                    0x00a8                  IPC0 = 0xa8
                    0x00a8                  _IPC0 = 0xa8
                    0x00a8                  _IPC0bits = 0xa8
                    0x00aa                  IPC1 = 0xaa
                    0x00aa                  _IPC1 = 0xaa
                    0x00aa                  _IPC1bits = 0xaa
                    0x00ac                  IPC2 = 0xac
                    0x00ac                  _IPC2 = 0xac
                    0x00ac                  _IPC2bits = 0xac
                    0x00ae                  IPC3 = 0xae
                    0x00ae                  _IPC3 = 0xae
                    0x00ae                  _IPC3bits = 0xae
                    0x00b0                  IPC4 = 0xb0
                    0x00b0                  _IPC4 = 0xb0
                    0x00b0                  _IPC4bits = 0xb0
                    0x00b2                  IPC5 = 0xb2
                    0x00b2                  _IPC5 = 0xb2
                    0x00b2                  _IPC5bits = 0xb2
                    0x00b4                  IPC6 = 0xb4
                    0x00b4                  _IPC6 = 0xb4
                    0x00b4                  _IPC6bits = 0xb4
                    0x00b6                  IPC7 = 0xb6
                    0x00b6                  _IPC7 = 0xb6
                    0x00b6                  _IPC7bits = 0xb6
                    0x00b8                  IPC8 = 0xb8
                    0x00b8                  _IPC8 = 0xb8
                    0x00b8                  _IPC8bits = 0xb8
                    0x00ba                  IPC9 = 0xba
                    0x00ba                  _IPC9 = 0xba
                    0x00ba                  _IPC9bits = 0xba
                    0x00bc                  IPC10 = 0xbc
                    0x00bc                  _IPC10 = 0xbc
                    0x00bc                  _IPC10bits = 0xbc
                    0x00be                  IPC11 = 0xbe
                    0x00be                  _IPC11 = 0xbe
                    0x00be                  _IPC11bits = 0xbe
                    0x00c0                  IPC12 = 0xc0
                    0x00c0                  _IPC12 = 0xc0
                    0x00c0                  _IPC12bits = 0xc0
                    0x00c2                  IPC13 = 0xc2
                    0x00c2                  _IPC13 = 0xc2
                    0x00c2                  _IPC13bits = 0xc2
                    0x00c4                  IPC14 = 0xc4
                    0x00c4                  _IPC14 = 0xc4
                    0x00c4                  _IPC14bits = 0xc4
                    0x00c6                  IPC15 = 0xc6
                    0x00c6                  _IPC15 = 0xc6
                    0x00c6                  _IPC15bits = 0xc6
                    0x00c8                  IPC16 = 0xc8
                    0x00c8                  _IPC16 = 0xc8
                    0x00c8                  _IPC16bits = 0xc8
                    0x00ca                  IPC17 = 0xca
                    0x00ca                  _IPC17 = 0xca
                    0x00ca                  _IPC17bits = 0xca
                    0x00cc                  IPC18 = 0xcc
                    0x00cc                  _IPC18 = 0xcc
                    0x00cc                  _IPC18bits = 0xcc
                    0x00ce                  IPC19 = 0xce
                    0x00ce                  _IPC19 = 0xce
                    0x00ce                  _IPC19bits = 0xce
                    0x00d0                  IPC20 = 0xd0
                    0x00d0                  _IPC20 = 0xd0
                    0x00d0                  _IPC20bits = 0xd0
                    0x00d2                  IPC21 = 0xd2
                    0x00d2                  _IPC21 = 0xd2
                    0x00d2                  _IPC21bits = 0xd2
                    0x00d4                  IPC22 = 0xd4
                    0x00d4                  _IPC22 = 0xd4
                    0x00d4                  _IPC22bits = 0xd4
                    0x00d6                  IPC23 = 0xd6
                    0x00d6                  _IPC23 = 0xd6
                    0x00d6                  _IPC23bits = 0xd6
                    0x00d8                  IPC24 = 0xd8
                    0x00d8                  _IPC24 = 0xd8
                    0x00d8                  _IPC24bits = 0xd8
                    0x00da                  IPC25 = 0xda
                    0x00da                  _IPC25 = 0xda
                    0x00da                  _IPC25bits = 0xda
                    0x00dc                  IPC26 = 0xdc
                    0x00dc                  _IPC26 = 0xdc
                    0x00dc                  _IPC26bits = 0xdc
                    0x00de                  IPC27 = 0xde
                    0x00de                  _IPC27 = 0xde
                    0x00de                  _IPC27bits = 0xde
                    0x00e0                  IPC28 = 0xe0
                    0x00e0                  _IPC28 = 0xe0
                    0x00e0                  _IPC28bits = 0xe0
                    0x00e2                  IPC29 = 0xe2
                    0x00e2                  _IPC29 = 0xe2
                    0x00e2                  _IPC29bits = 0xe2
                    0x00e4                  INTTREG = 0xe4
                    0x00e4                  _INTTREG = 0xe4
                    0x00e4                  _INTTREGbits = 0xe4
                    0x0100                  OSCCON = 0x100
                    0x0100                  _OSCCON = 0x100
                    0x0100                  _OSCCONbits = 0x100
                    0x0100                  OSCCONL = 0x100
                    0x0100                  _OSCCONL = 0x100
                    0x0101                  OSCCONH = 0x101
                    0x0101                  _OSCCONH = 0x101
                    0x0102                  CLKDIV = 0x102
                    0x0102                  _CLKDIV = 0x102
                    0x0102                  _CLKDIVbits = 0x102
                    0x0104                  CLKDIV2 = 0x104
                    0x0104                  _CLKDIV2 = 0x104
                    0x0106                  OSCTUN = 0x106
                    0x0106                  _OSCTUN = 0x106
                    0x0106                  _OSCTUNbits = 0x106
                    0x010c                  RCON = 0x10c
                    0x010c                  _RCON = 0x10c
                    0x010c                  _RCONbits = 0x10c
                    0x010e                  RCON2 = 0x10e
                    0x010e                  _RCON2 = 0x10e
                    0x010e                  _RCON2bits = 0x10e
                    0x0110                  HLVDCON = 0x110
                    0x0110                  _HLVDCON = 0x110
                    0x0110                  _HLVDCONbits = 0x110
                    0x0112                  DSCON = 0x112
                    0x0112                  _DSCON = 0x112
                    0x0112                  _DSCONbits = 0x112
                    0x0114                  DSWAKE = 0x114
                    0x0114                  _DSWAKE = 0x114
                    0x0114                  _DSWAKEbits = 0x114
                    0x0116                  DSGPR0 = 0x116
                    0x0116                  _DSGPR0 = 0x116
                    0x0118                  DSGPR1 = 0x118
                    0x0118                  _DSGPR1 = 0x118
                    0x0128                  PMCON1 = 0x128
                    0x0128                  _PMCON1 = 0x128
                    0x0128                  _PMCON1bits = 0x128
                    0x012a                  PMCON2 = 0x12a
                    0x012a                  _PMCON2 = 0x12a
                    0x012a                  _PMCON2bits = 0x12a
                    0x012c                  PMCON3 = 0x12c
                    0x012c                  _PMCON3 = 0x12c
                    0x012c                  _PMCON3bits = 0x12c
                    0x012e                  PMCON4 = 0x12e
                    0x012e                  _PMCON4 = 0x12e
                    0x012e                  _PMCON4bits = 0x12e
                    0x0130                  PMCS1CF = 0x130
                    0x0130                  _PMCS1CF = 0x130
                    0x0130                  _PMCS1CFbits = 0x130
                    0x0132                  PMCS1BS = 0x132
                    0x0132                  _PMCS1BS = 0x132
                    0x0132                  _PMCS1BSbits = 0x132
                    0x0134                  PMCS1MD = 0x134
                    0x0134                  _PMCS1MD = 0x134
                    0x0134                  _PMCS1MDbits = 0x134
                    0x0136                  PMCS2CF = 0x136
                    0x0136                  _PMCS2CF = 0x136
                    0x0136                  _PMCS2CFbits = 0x136
                    0x0138                  PMCS2BS = 0x138
                    0x0138                  _PMCS2BS = 0x138
                    0x0138                  _PMCS2BSbits = 0x138
                    0x013a                  PMCS2MD = 0x13a
                    0x013a                  _PMCS2MD = 0x13a
                    0x013a                  _PMCS2MDbits = 0x13a
                    0x013c                  PMDOUT1 = 0x13c
                    0x013c                  _PMDOUT1 = 0x13c
                    0x013e                  PMDOUT2 = 0x13e
                    0x013e                  _PMDOUT2 = 0x13e
                    0x0140                  PMDIN1 = 0x140
                    0x0140                  _PMDIN1 = 0x140
                    0x0142                  PMDIN2 = 0x142
                    0x0142                  _PMDIN2 = 0x142
                    0x0144                  PMSTAT = 0x144
                    0x0144                  _PMSTAT = 0x144
                    0x0144                  _PMSTATbits = 0x144
                    0x0158                  CRCCON1 = 0x158
                    0x0158                  _CRCCON1 = 0x158
                    0x0158                  _CRCCON1bits = 0x158
                    0x015a                  CRCCON2 = 0x15a
                    0x015a                  _CRCCON2 = 0x15a
                    0x015a                  _CRCCON2bits = 0x15a
                    0x015c                  CRCXORL = 0x15c
                    0x015c                  _CRCXORL = 0x15c
                    0x015c                  _CRCXORLbits = 0x15c
                    0x015e                  CRCXORH = 0x15e
                    0x015e                  _CRCXORH = 0x15e
                    0x015e                  _CRCXORHbits = 0x15e
                    0x0160                  CRCDAT = 0x160
                    0x0160                  _CRCDAT = 0x160
                    0x0160                  CRCDATL = 0x160
                    0x0160                  _CRCDATL = 0x160
                    0x0162                  CRCDATH = 0x162
                    0x0162                  _CRCDATH = 0x162
                    0x0164                  CRCWDAT = 0x164
                    0x0164                  _CRCWDAT = 0x164
                    0x0164                  CRCWDATL = 0x164
                    0x0164                  _CRCWDATL = 0x164
                    0x0166                  CRCWDATH = 0x166
                    0x0166                  _CRCWDATH = 0x166
                    0x0168                  REFOCON1 = 0x168
                    0x0168                  _REFOCON1 = 0x168
                    0x0168                  _REFOCON1bits = 0x168
                    0x0168                  REFOCONL = 0x168
                    0x0168                  _REFOCONL = 0x168
                    0x0168                  _REFOCONLbits = 0x168
                    0x016a                  REFOCON2 = 0x16a
                    0x016a                  _REFOCON2 = 0x16a
                    0x016a                  _REFOCON2bits = 0x16a
                    0x016a                  REFOCONH = 0x16a
                    0x016a                  _REFOCONH = 0x16a
                    0x016a                  _REFOCONHbits = 0x16a
                    0x016c                  REFOTRIML = 0x16c
                    0x016c                  _REFOTRIML = 0x16c
                    0x016c                  _REFOTRIMLbits = 0x16c
                    0x016e                  REFOTRIMH = 0x16e
                    0x016e                  _REFOTRIMH = 0x16e
                    0x0178                  PMD1 = 0x178
                    0x0178                  _PMD1 = 0x178
                    0x0178                  _PMD1bits = 0x178
                    0x017a                  PMD2 = 0x17a
                    0x017a                  _PMD2 = 0x17a
                    0x017a                  _PMD2bits = 0x17a
                    0x017c                  PMD3 = 0x17c
                    0x017c                  _PMD3 = 0x17c
                    0x017c                  _PMD3bits = 0x17c
                    0x017e                  PMD4 = 0x17e
                    0x017e                  _PMD4 = 0x17e
                    0x017e                  _PMD4bits = 0x17e
                    0x0180                  PMD5 = 0x180
                    0x0180                  _PMD5 = 0x180
                    0x0180                  _PMD5bits = 0x180
                    0x0182                  PMD6 = 0x182
                    0x0182                  _PMD6 = 0x182
                    0x0182                  _PMD6bits = 0x182
                    0x0184                  PMD7 = 0x184
                    0x0184                  _PMD7 = 0x184
                    0x0184                  _PMD7bits = 0x184
                    0x0186                  PMD8 = 0x186
                    0x0186                  _PMD8 = 0x186
                    0x0186                  _PMD8bits = 0x186
                    0x0190                  TMR1 = 0x190
                    0x0190                  _TMR1 = 0x190
                    0x0192                  PR1 = 0x192
                    0x0192                  _PR1 = 0x192
                    0x0194                  T1CON = 0x194
                    0x0194                  _T1CON = 0x194
                    0x0194                  _T1CONbits = 0x194
                    0x0196                  TMR2 = 0x196
                    0x0196                  _TMR2 = 0x196
                    0x0198                  TMR3HLD = 0x198
                    0x0198                  _TMR3HLD = 0x198
                    0x019a                  TMR3 = 0x19a
                    0x019a                  _TMR3 = 0x19a
                    0x019c                  PR2 = 0x19c
                    0x019c                  _PR2 = 0x19c
                    0x019e                  PR3 = 0x19e
                    0x019e                  _PR3 = 0x19e
                    0x01a0                  T2CON = 0x1a0
                    0x01a0                  _T2CON = 0x1a0
                    0x01a0                  _T2CONbits = 0x1a0
                    0x01a2                  T3CON = 0x1a2
                    0x01a2                  _T3CON = 0x1a2
                    0x01a2                  _T3CONbits = 0x1a2
                    0x01a4                  TMR4 = 0x1a4
                    0x01a4                  _TMR4 = 0x1a4
                    0x01a6                  TMR5HLD = 0x1a6
                    0x01a6                  _TMR5HLD = 0x1a6
                    0x01a8                  TMR5 = 0x1a8
                    0x01a8                  _TMR5 = 0x1a8
                    0x01aa                  PR4 = 0x1aa
                    0x01aa                  _PR4 = 0x1aa
                    0x01ac                  PR5 = 0x1ac
                    0x01ac                  _PR5 = 0x1ac
                    0x01ae                  T4CON = 0x1ae
                    0x01ae                  _T4CON = 0x1ae
                    0x01ae                  _T4CONbits = 0x1ae
                    0x01b0                  T5CON = 0x1b0
                    0x01b0                  _T5CON = 0x1b0
                    0x01b0                  _T5CONbits = 0x1b0
                    0x01c0                  CTMUCON1L = 0x1c0
                    0x01c0                  _CTMUCON1L = 0x1c0
                    0x01c0                  _CTMUCON1Lbits = 0x1c0
                    0x01c2                  CTMUCON1H = 0x1c2
                    0x01c2                  _CTMUCON1H = 0x1c2
                    0x01c2                  _CTMUCON1Hbits = 0x1c2
                    0x01c4                  CTMUCON2 = 0x1c4
                    0x01c4                  _CTMUCON2 = 0x1c4
                    0x01c4                  _CTMUCON2bits = 0x1c4
                    0x01c4                  CTMUCON2L = 0x1c4
                    0x01c4                  _CTMUCON2L = 0x1c4
                    0x01c4                  _CTMUCON2Lbits = 0x1c4
                    0x01c6                  CTMUCON2H = 0x1c6
                    0x01c6                  _CTMUCON2H = 0x1c6
                    0x01cc                  RTCCON1L = 0x1cc
                    0x01cc                  _RTCCON1L = 0x1cc
                    0x01cc                  _RTCCON1Lbits = 0x1cc
                    0x01ce                  RTCCON1H = 0x1ce
                    0x01ce                  _RTCCON1H = 0x1ce
                    0x01ce                  _RTCCON1Hbits = 0x1ce
                    0x01d0                  RTCCON2L = 0x1d0
                    0x01d0                  _RTCCON2L = 0x1d0
                    0x01d0                  _RTCCON2Lbits = 0x1d0
                    0x01d2                  RTCCON2H = 0x1d2
                    0x01d2                  _RTCCON2H = 0x1d2
                    0x01d4                  RTCCON3L = 0x1d4
                    0x01d4                  _RTCCON3L = 0x1d4
                    0x01d4                  _RTCCON3Lbits = 0x1d4
                    0x01d6                  RTCCON3H = 0x1d6
                    0x01d6                  _RTCCON3H = 0x1d6
                    0x01d8                  RTCSTATL = 0x1d8
                    0x01d8                  _RTCSTATL = 0x1d8
                    0x01d8                  _RTCSTATLbits = 0x1d8
                    0x01da                  RTCSTATH = 0x1da
                    0x01da                  _RTCSTATH = 0x1da
                    0x01dc                  TIMEL = 0x1dc
                    0x01dc                  _TIMEL = 0x1dc
                    0x01dc                  _TIMELbits = 0x1dc
                    0x01de                  TIMEH = 0x1de
                    0x01de                  _TIMEH = 0x1de
                    0x01de                  _TIMEHbits = 0x1de
                    0x01e0                  DATEL = 0x1e0
                    0x01e0                  _DATEL = 0x1e0
                    0x01e0                  _DATELbits = 0x1e0
                    0x01e2                  DATEH = 0x1e2
                    0x01e2                  _DATEH = 0x1e2
                    0x01e2                  _DATEHbits = 0x1e2
                    0x01e4                  ALMTIMEL = 0x1e4
                    0x01e4                  _ALMTIMEL = 0x1e4
                    0x01e4                  _ALMTIMELbits = 0x1e4
                    0x01e6                  ALMTIMEH = 0x1e6
                    0x01e6                  _ALMTIMEH = 0x1e6
                    0x01e6                  _ALMTIMEHbits = 0x1e6
                    0x01e8                  ALMDATEL = 0x1e8
                    0x01e8                  _ALMDATEL = 0x1e8
                    0x01e8                  _ALMDATELbits = 0x1e8
                    0x01ea                  ALMDATEH = 0x1ea
                    0x01ea                  _ALMDATEH = 0x1ea
                    0x01ea                  _ALMDATEHbits = 0x1ea
                    0x01ec                  TSATIMEL = 0x1ec
                    0x01ec                  _TSATIMEL = 0x1ec
                    0x01ec                  _TSATIMELbits = 0x1ec
                    0x01ee                  TSATIMEH = 0x1ee
                    0x01ee                  _TSATIMEH = 0x1ee
                    0x01ee                  _TSATIMEHbits = 0x1ee
                    0x01f0                  TSADATEL = 0x1f0
                    0x01f0                  _TSADATEL = 0x1f0
                    0x01f0                  _TSADATELbits = 0x1f0
                    0x01f2                  TSADATEH = 0x1f2
                    0x01f2                  _TSADATEH = 0x1f2
                    0x01f2                  _TSADATEHbits = 0x1f2
                    0x01f4                  TSBTIMEL = 0x1f4
                    0x01f4                  _TSBTIMEL = 0x1f4
                    0x01f4                  _TSBTIMELbits = 0x1f4
                    0x01f6                  TSBTIMEH = 0x1f6
                    0x01f6                  _TSBTIMEH = 0x1f6
                    0x01f6                  _TSBTIMEHbits = 0x1f6
                    0x01f8                  TSBDATEL = 0x1f8
                    0x01f8                  _TSBDATEL = 0x1f8
                    0x01f8                  _TSBDATELbits = 0x1f8
                    0x01fa                  TSBDATEH = 0x1fa
                    0x01fa                  _TSBDATEH = 0x1fa
                    0x01fa                  _TSBDATEHbits = 0x1fa
                    0x0200                  IC1CON1 = 0x200
                    0x0200                  _IC1CON1 = 0x200
                    0x0200                  _IC1CON1bits = 0x200
                    0x0202                  IC1CON2 = 0x202
                    0x0202                  _IC1CON2 = 0x202
                    0x0202                  _IC1CON2bits = 0x202
                    0x0204                  IC1BUF = 0x204
                    0x0204                  _IC1BUF = 0x204
                    0x0206                  IC1TMR = 0x206
                    0x0206                  _IC1TMR = 0x206
                    0x0208                  IC2CON1 = 0x208
                    0x0208                  _IC2CON1 = 0x208
                    0x0208                  _IC2CON1bits = 0x208
                    0x020a                  IC2CON2 = 0x20a
                    0x020a                  _IC2CON2 = 0x20a
                    0x020a                  _IC2CON2bits = 0x20a
                    0x020c                  IC2BUF = 0x20c
                    0x020c                  _IC2BUF = 0x20c
                    0x020e                  IC2TMR = 0x20e
                    0x020e                  _IC2TMR = 0x20e
                    0x0210                  IC3CON1 = 0x210
                    0x0210                  _IC3CON1 = 0x210
                    0x0210                  _IC3CON1bits = 0x210
                    0x0212                  IC3CON2 = 0x212
                    0x0212                  _IC3CON2 = 0x212
                    0x0212                  _IC3CON2bits = 0x212
                    0x0214                  IC3BUF = 0x214
                    0x0214                  _IC3BUF = 0x214
                    0x0216                  IC3TMR = 0x216
                    0x0216                  _IC3TMR = 0x216
                    0x0218                  IC4CON1 = 0x218
                    0x0218                  _IC4CON1 = 0x218
                    0x0218                  _IC4CON1bits = 0x218
                    0x021a                  IC4CON2 = 0x21a
                    0x021a                  _IC4CON2 = 0x21a
                    0x021a                  _IC4CON2bits = 0x21a
                    0x021c                  IC4BUF = 0x21c
                    0x021c                  _IC4BUF = 0x21c
                    0x021e                  IC4TMR = 0x21e
                    0x021e                  _IC4TMR = 0x21e
                    0x0220                  IC5CON1 = 0x220
                    0x0220                  _IC5CON1 = 0x220
                    0x0220                  _IC5CON1bits = 0x220
                    0x0222                  IC5CON2 = 0x222
                    0x0222                  _IC5CON2 = 0x222
                    0x0222                  _IC5CON2bits = 0x222
                    0x0224                  IC5BUF = 0x224
                    0x0224                  _IC5BUF = 0x224
                    0x0226                  IC5TMR = 0x226
                    0x0226                  _IC5TMR = 0x226
                    0x0228                  IC6CON1 = 0x228
                    0x0228                  _IC6CON1 = 0x228
                    0x0228                  _IC6CON1bits = 0x228
                    0x022a                  IC6CON2 = 0x22a
                    0x022a                  _IC6CON2 = 0x22a
                    0x022a                  _IC6CON2bits = 0x22a
                    0x022c                  IC6BUF = 0x22c
                    0x022c                  _IC6BUF = 0x22c
                    0x022e                  IC6TMR = 0x22e
                    0x022e                  _IC6TMR = 0x22e
                    0x0230                  OC1CON1 = 0x230
                    0x0230                  _OC1CON1 = 0x230
                    0x0230                  _OC1CON1bits = 0x230
                    0x0232                  OC1CON2 = 0x232
                    0x0232                  _OC1CON2 = 0x232
                    0x0232                  _OC1CON2bits = 0x232
                    0x0234                  OC1RS = 0x234
                    0x0234                  _OC1RS = 0x234
                    0x0236                  OC1R = 0x236
                    0x0236                  _OC1R = 0x236
                    0x0238                  OC1TMR = 0x238
                    0x0238                  _OC1TMR = 0x238
                    0x023a                  OC2CON1 = 0x23a
                    0x023a                  _OC2CON1 = 0x23a
                    0x023a                  _OC2CON1bits = 0x23a
                    0x023c                  OC2CON2 = 0x23c
                    0x023c                  _OC2CON2 = 0x23c
                    0x023c                  _OC2CON2bits = 0x23c
                    0x023e                  OC2RS = 0x23e
                    0x023e                  _OC2RS = 0x23e
                    0x0240                  OC2R = 0x240
                    0x0240                  _OC2R = 0x240
                    0x0242                  OC2TMR = 0x242
                    0x0242                  _OC2TMR = 0x242
                    0x0244                  OC3CON1 = 0x244
                    0x0244                  _OC3CON1 = 0x244
                    0x0244                  _OC3CON1bits = 0x244
                    0x0246                  OC3CON2 = 0x246
                    0x0246                  _OC3CON2 = 0x246
                    0x0246                  _OC3CON2bits = 0x246
                    0x0248                  OC3RS = 0x248
                    0x0248                  _OC3RS = 0x248
                    0x024a                  OC3R = 0x24a
                    0x024a                  _OC3R = 0x24a
                    0x024c                  OC3TMR = 0x24c
                    0x024c                  _OC3TMR = 0x24c
                    0x024e                  OC4CON1 = 0x24e
                    0x024e                  _OC4CON1 = 0x24e
                    0x024e                  _OC4CON1bits = 0x24e
                    0x0250                  OC4CON2 = 0x250
                    0x0250                  _OC4CON2 = 0x250
                    0x0250                  _OC4CON2bits = 0x250
                    0x0252                  OC4RS = 0x252
                    0x0252                  _OC4RS = 0x252
                    0x0254                  OC4R = 0x254
                    0x0254                  _OC4R = 0x254
                    0x0256                  OC4TMR = 0x256
                    0x0256                  _OC4TMR = 0x256
                    0x0258                  OC5CON1 = 0x258
                    0x0258                  _OC5CON1 = 0x258
                    0x0258                  _OC5CON1bits = 0x258
                    0x025a                  OC5CON2 = 0x25a
                    0x025a                  _OC5CON2 = 0x25a
                    0x025a                  _OC5CON2bits = 0x25a
                    0x025c                  OC5RS = 0x25c
                    0x025c                  _OC5RS = 0x25c
                    0x025e                  OC5R = 0x25e
                    0x025e                  _OC5R = 0x25e
                    0x0260                  OC5TMR = 0x260
                    0x0260                  _OC5TMR = 0x260
                    0x0262                  OC6CON1 = 0x262
                    0x0262                  _OC6CON1 = 0x262
                    0x0262                  _OC6CON1bits = 0x262
                    0x0264                  OC6CON2 = 0x264
                    0x0264                  _OC6CON2 = 0x264
                    0x0264                  _OC6CON2bits = 0x264
                    0x0266                  OC6RS = 0x266
                    0x0266                  _OC6RS = 0x266
                    0x0268                  OC6R = 0x268
                    0x0268                  _OC6R = 0x268
                    0x026a                  OC6TMR = 0x26a
                    0x026a                  _OC6TMR = 0x26a
                    0x026c                  CCP1CON1L = 0x26c
                    0x026c                  _CCP1CON1L = 0x26c
                    0x026c                  _CCP1CON1Lbits = 0x26c
                    0x026e                  CCP1CON1H = 0x26e
                    0x026e                  _CCP1CON1H = 0x26e
                    0x026e                  _CCP1CON1Hbits = 0x26e
                    0x0270                  CCP1CON2L = 0x270
                    0x0270                  _CCP1CON2L = 0x270
                    0x0270                  _CCP1CON2Lbits = 0x270
                    0x0272                  CCP1CON2H = 0x272
                    0x0272                  _CCP1CON2H = 0x272
                    0x0272                  _CCP1CON2Hbits = 0x272
                    0x0274                  CCP1CON3L = 0x274
                    0x0274                  _CCP1CON3L = 0x274
                    0x0274                  _CCP1CON3Lbits = 0x274
                    0x0276                  CCP1CON3H = 0x276
                    0x0276                  _CCP1CON3H = 0x276
                    0x0276                  _CCP1CON3Hbits = 0x276
                    0x0278                  CCP1STAT = 0x278
                    0x0278                  _CCP1STAT = 0x278
                    0x0278                  _CCP1STATbits = 0x278
                    0x0278                  CCP1STATL = 0x278
                    0x0278                  _CCP1STATL = 0x278
                    0x0278                  _CCP1STATLbits = 0x278
                    0x027a                  CCP1STATH = 0x27a
                    0x027a                  _CCP1STATH = 0x27a
                    0x027a                  _CCP1STATHbits = 0x27a
                    0x027c                  CCP1TMRL = 0x27c
                    0x027c                  _CCP1TMRL = 0x27c
                    0x027e                  CCP1TMRH = 0x27e
                    0x027e                  _CCP1TMRH = 0x27e
                    0x0280                  CCP1PRL = 0x280
                    0x0280                  _CCP1PRL = 0x280
                    0x0282                  CCP1PRH = 0x282
                    0x0282                  _CCP1PRH = 0x282
                    0x0284                  CCP1RA = 0x284
                    0x0284                  _CCP1RA = 0x284
                    0x0284                  CCP1RAL = 0x284
                    0x0284                  _CCP1RAL = 0x284
                    0x0286                  CCP1RAH = 0x286
                    0x0286                  _CCP1RAH = 0x286
                    0x0288                  CCP1RB = 0x288
                    0x0288                  _CCP1RB = 0x288
                    0x0288                  CCP1RBL = 0x288
                    0x0288                  _CCP1RBL = 0x288
                    0x028a                  CCP1RBH = 0x28a
                    0x028a                  _CCP1RBH = 0x28a
                    0x028c                  CCP1BUFL = 0x28c
                    0x028c                  _CCP1BUFL = 0x28c
                    0x028e                  CCP1BUFH = 0x28e
                    0x028e                  _CCP1BUFH = 0x28e
                    0x0290                  CCP2CON1L = 0x290
                    0x0290                  _CCP2CON1L = 0x290
                    0x0290                  _CCP2CON1Lbits = 0x290
                    0x0292                  CCP2CON1H = 0x292
                    0x0292                  _CCP2CON1H = 0x292
                    0x0292                  _CCP2CON1Hbits = 0x292
                    0x0294                  CCP2CON2L = 0x294
                    0x0294                  _CCP2CON2L = 0x294
                    0x0294                  _CCP2CON2Lbits = 0x294
                    0x0296                  CCP2CON2H = 0x296
                    0x0296                  _CCP2CON2H = 0x296
                    0x0296                  _CCP2CON2Hbits = 0x296
                    0x0298                  CCP2CON3L = 0x298
                    0x0298                  _CCP2CON3L = 0x298
                    0x0298                  _CCP2CON3Lbits = 0x298
                    0x029a                  CCP2CON3H = 0x29a
                    0x029a                  _CCP2CON3H = 0x29a
                    0x029a                  _CCP2CON3Hbits = 0x29a
                    0x029c                  CCP2STAT = 0x29c
                    0x029c                  _CCP2STAT = 0x29c
                    0x029c                  _CCP2STATbits = 0x29c
                    0x029c                  CCP2STATL = 0x29c
                    0x029c                  _CCP2STATL = 0x29c
                    0x029c                  _CCP2STATLbits = 0x29c
                    0x029e                  CCP2STATH = 0x29e
                    0x029e                  _CCP2STATH = 0x29e
                    0x029e                  _CCP2STATHbits = 0x29e
                    0x02a0                  CCP2TMRL = 0x2a0
                    0x02a0                  _CCP2TMRL = 0x2a0
                    0x02a2                  CCP2TMRH = 0x2a2
                    0x02a2                  _CCP2TMRH = 0x2a2
                    0x02a4                  CCP2PRL = 0x2a4
                    0x02a4                  _CCP2PRL = 0x2a4
                    0x02a6                  CCP2PRH = 0x2a6
                    0x02a6                  _CCP2PRH = 0x2a6
                    0x02a8                  CCP2RA = 0x2a8
                    0x02a8                  _CCP2RA = 0x2a8
                    0x02a8                  CCP2RAL = 0x2a8
                    0x02a8                  _CCP2RAL = 0x2a8
                    0x02aa                  CCP2RAH = 0x2aa
                    0x02aa                  _CCP2RAH = 0x2aa
                    0x02ac                  CCP2RB = 0x2ac
                    0x02ac                  _CCP2RB = 0x2ac
                    0x02ac                  CCP2RBL = 0x2ac
                    0x02ac                  _CCP2RBL = 0x2ac
                    0x02ae                  CCP2RBH = 0x2ae
                    0x02ae                  _CCP2RBH = 0x2ae
                    0x02b0                  CCP2BUFL = 0x2b0
                    0x02b0                  _CCP2BUFL = 0x2b0
                    0x02b2                  CCP2BUFH = 0x2b2
                    0x02b2                  _CCP2BUFH = 0x2b2
                    0x02b4                  CCP3CON1L = 0x2b4
                    0x02b4                  _CCP3CON1L = 0x2b4
                    0x02b4                  _CCP3CON1Lbits = 0x2b4
                    0x02b6                  CCP3CON1H = 0x2b6
                    0x02b6                  _CCP3CON1H = 0x2b6
                    0x02b6                  _CCP3CON1Hbits = 0x2b6
                    0x02b8                  CCP3CON2L = 0x2b8
                    0x02b8                  _CCP3CON2L = 0x2b8
                    0x02b8                  _CCP3CON2Lbits = 0x2b8
                    0x02ba                  CCP3CON2H = 0x2ba
                    0x02ba                  _CCP3CON2H = 0x2ba
                    0x02ba                  _CCP3CON2Hbits = 0x2ba
                    0x02bc                  CCP3CON3L = 0x2bc
                    0x02bc                  _CCP3CON3L = 0x2bc
                    0x02bc                  _CCP3CON3Lbits = 0x2bc
                    0x02be                  CCP3CON3H = 0x2be
                    0x02be                  _CCP3CON3H = 0x2be
                    0x02be                  _CCP3CON3Hbits = 0x2be
                    0x02c0                  CCP3STAT = 0x2c0
                    0x02c0                  _CCP3STAT = 0x2c0
                    0x02c0                  _CCP3STATbits = 0x2c0
                    0x02c0                  CCP3STATL = 0x2c0
                    0x02c0                  _CCP3STATL = 0x2c0
                    0x02c0                  _CCP3STATLbits = 0x2c0
                    0x02c2                  CCP3STATH = 0x2c2
                    0x02c2                  _CCP3STATH = 0x2c2
                    0x02c2                  _CCP3STATHbits = 0x2c2
                    0x02c4                  CCP3TMRL = 0x2c4
                    0x02c4                  _CCP3TMRL = 0x2c4
                    0x02c6                  CCP3TMRH = 0x2c6
                    0x02c6                  _CCP3TMRH = 0x2c6
                    0x02c8                  CCP3PRL = 0x2c8
                    0x02c8                  _CCP3PRL = 0x2c8
                    0x02ca                  CCP3PRH = 0x2ca
                    0x02ca                  _CCP3PRH = 0x2ca
                    0x02cc                  CCP3RA = 0x2cc
                    0x02cc                  _CCP3RA = 0x2cc
                    0x02cc                  CCP3RAL = 0x2cc
                    0x02cc                  _CCP3RAL = 0x2cc
                    0x02ce                  CCP3RAH = 0x2ce
                    0x02ce                  _CCP3RAH = 0x2ce
                    0x02d0                  CCP3RB = 0x2d0
                    0x02d0                  _CCP3RB = 0x2d0
                    0x02d0                  CCP3RBL = 0x2d0
                    0x02d0                  _CCP3RBL = 0x2d0
                    0x02d2                  CCP3RBH = 0x2d2
                    0x02d2                  _CCP3RBH = 0x2d2
                    0x02d4                  CCP3BUFL = 0x2d4
                    0x02d4                  _CCP3BUFL = 0x2d4
                    0x02d6                  CCP3BUFH = 0x2d6
                    0x02d6                  _CCP3BUFH = 0x2d6
                    0x02e6                  CMSTAT = 0x2e6
                    0x02e6                  _CMSTAT = 0x2e6
                    0x02e6                  _CMSTATbits = 0x2e6
                    0x02e8                  CVRCON = 0x2e8
                    0x02e8                  _CVRCON = 0x2e8
                    0x02e8                  _CVRCONbits = 0x2e8
                    0x02ea                  CM1CON = 0x2ea
                    0x02ea                  _CM1CON = 0x2ea
                    0x02ea                  _CM1CONbits = 0x2ea
                    0x02ec                  CM2CON = 0x2ec
                    0x02ec                  _CM2CON = 0x2ec
                    0x02ec                  _CM2CONbits = 0x2ec
                    0x02ee                  CM3CON = 0x2ee
                    0x02ee                  _CM3CON = 0x2ee
                    0x02ee                  _CM3CONbits = 0x2ee
                    0x02f4                  ANCFG = 0x2f4
                    0x02f4                  _ANCFG = 0x2f4
                    0x02f4                  _ANCFGbits = 0x2f4
                    0x02f8                  DAC1CON = 0x2f8
                    0x02f8                  _DAC1CON = 0x2f8
                    0x02f8                  _DAC1CONbits = 0x2f8
                    0x02fa                  DAC1DAT = 0x2fa
                    0x02fa                  _DAC1DAT = 0x2fa
                    0x0300                  CCP4CON1L = 0x300
                    0x0300                  _CCP4CON1L = 0x300
                    0x0300                  _CCP4CON1Lbits = 0x300
                    0x0302                  CCP4CON1H = 0x302
                    0x0302                  _CCP4CON1H = 0x302
                    0x0302                  _CCP4CON1Hbits = 0x302
                    0x0304                  CCP4CON2L = 0x304
                    0x0304                  _CCP4CON2L = 0x304
                    0x0304                  _CCP4CON2Lbits = 0x304
                    0x0306                  CCP4CON2H = 0x306
                    0x0306                  _CCP4CON2H = 0x306
                    0x0306                  _CCP4CON2Hbits = 0x306
                    0x0308                  CCP4CON3L = 0x308
                    0x0308                  _CCP4CON3L = 0x308
                    0x030a                  CCP4CON3H = 0x30a
                    0x030a                  _CCP4CON3H = 0x30a
                    0x030a                  _CCP4CON3Hbits = 0x30a
                    0x030c                  CCP4STAT = 0x30c
                    0x030c                  _CCP4STAT = 0x30c
                    0x030c                  _CCP4STATbits = 0x30c
                    0x030c                  CCP4STATL = 0x30c
                    0x030c                  _CCP4STATL = 0x30c
                    0x030c                  _CCP4STATLbits = 0x30c
                    0x030e                  CCP4STATH = 0x30e
                    0x030e                  _CCP4STATH = 0x30e
                    0x030e                  _CCP4STATHbits = 0x30e
                    0x0310                  CCP4TMRL = 0x310
                    0x0310                  _CCP4TMRL = 0x310
                    0x0312                  CCP4TMRH = 0x312
                    0x0312                  _CCP4TMRH = 0x312
                    0x0314                  CCP4PRL = 0x314
                    0x0314                  _CCP4PRL = 0x314
                    0x0316                  CCP4PRH = 0x316
                    0x0316                  _CCP4PRH = 0x316
                    0x0318                  CCP4RA = 0x318
                    0x0318                  _CCP4RA = 0x318
                    0x0318                  CCP4RAL = 0x318
                    0x0318                  _CCP4RAL = 0x318
                    0x031a                  CCP4RAH = 0x31a
                    0x031a                  _CCP4RAH = 0x31a
                    0x031c                  CCP4RB = 0x31c
                    0x031c                  _CCP4RB = 0x31c
                    0x031c                  CCP4RBL = 0x31c
                    0x031c                  _CCP4RBL = 0x31c
                    0x031e                  CCP4RBH = 0x31e
                    0x031e                  _CCP4RBH = 0x31e
                    0x0320                  CCP4BUFL = 0x320
                    0x0320                  _CCP4BUFL = 0x320
                    0x0322                  CCP4BUFH = 0x322
                    0x0322                  _CCP4BUFH = 0x322
                    0x0324                  CCP5CON1L = 0x324
                    0x0324                  _CCP5CON1L = 0x324
                    0x0324                  _CCP5CON1Lbits = 0x324
                    0x0326                  CCP5CON1H = 0x326
                    0x0326                  _CCP5CON1H = 0x326
                    0x0326                  _CCP5CON1Hbits = 0x326
                    0x0328                  CCP5CON2L = 0x328
                    0x0328                  _CCP5CON2L = 0x328
                    0x0328                  _CCP5CON2Lbits = 0x328
                    0x032a                  CCP5CON2H = 0x32a
                    0x032a                  _CCP5CON2H = 0x32a
                    0x032a                  _CCP5CON2Hbits = 0x32a
                    0x032c                  CCP5CON3L = 0x32c
                    0x032c                  _CCP5CON3L = 0x32c
                    0x032c                  _CCP5CON3Lbits = 0x32c
                    0x032e                  CCP5CON3H = 0x32e
                    0x032e                  _CCP5CON3H = 0x32e
                    0x032e                  _CCP5CON3Hbits = 0x32e
                    0x0330                  CCP5STAT = 0x330
                    0x0330                  _CCP5STAT = 0x330
                    0x0330                  _CCP5STATbits = 0x330
                    0x0330                  CCP5STATL = 0x330
                    0x0330                  _CCP5STATL = 0x330
                    0x0330                  _CCP5STATLbits = 0x330
                    0x0332                  CCP5STATH = 0x332
                    0x0332                  _CCP5STATH = 0x332
                    0x0332                  _CCP5STATHbits = 0x332
                    0x0334                  CCP5TMRL = 0x334
                    0x0334                  _CCP5TMRL = 0x334
                    0x0336                  CCP5TMRH = 0x336
                    0x0336                  _CCP5TMRH = 0x336
                    0x0338                  CCP5PRL = 0x338
                    0x0338                  _CCP5PRL = 0x338
                    0x033a                  CCP5PRH = 0x33a
                    0x033a                  _CCP5PRH = 0x33a
                    0x033c                  CCP5RA = 0x33c
                    0x033c                  _CCP5RA = 0x33c
                    0x033c                  CCP5RAL = 0x33c
                    0x033c                  _CCP5RAL = 0x33c
                    0x033e                  CCP5RAH = 0x33e
                    0x033e                  _CCP5RAH = 0x33e
                    0x0340                  CCP5RB = 0x340
                    0x0340                  _CCP5RB = 0x340
                    0x0340                  CCP5RBL = 0x340
                    0x0340                  _CCP5RBL = 0x340
                    0x0342                  CCP5RBH = 0x342
                    0x0342                  _CCP5RBH = 0x342
                    0x0344                  CCP5BUFL = 0x344
                    0x0344                  _CCP5BUFL = 0x344
                    0x0346                  CCP5BUFH = 0x346
                    0x0346                  _CCP5BUFH = 0x346
                    0x0348                  CCP6CON1L = 0x348
                    0x0348                  _CCP6CON1L = 0x348
                    0x0348                  _CCP6CON1Lbits = 0x348
                    0x034a                  CCP6CON1H = 0x34a
                    0x034a                  _CCP6CON1H = 0x34a
                    0x034a                  _CCP6CON1Hbits = 0x34a
                    0x034c                  CCP6CON2L = 0x34c
                    0x034c                  _CCP6CON2L = 0x34c
                    0x034c                  _CCP6CON2Lbits = 0x34c
                    0x034e                  CCP6CON2H = 0x34e
                    0x034e                  _CCP6CON2H = 0x34e
                    0x034e                  _CCP6CON2Hbits = 0x34e
                    0x0350                  CCP6CON3L = 0x350
                    0x0350                  _CCP6CON3L = 0x350
                    0x0350                  _CCP6CON3Lbits = 0x350
                    0x0352                  CCP6CON3H = 0x352
                    0x0352                  _CCP6CON3H = 0x352
                    0x0352                  _CCP6CON3Hbits = 0x352
                    0x0354                  CCP6STAT = 0x354
                    0x0354                  _CCP6STAT = 0x354
                    0x0354                  _CCP6STATbits = 0x354
                    0x0354                  CCP6STATL = 0x354
                    0x0354                  _CCP6STATL = 0x354
                    0x0354                  _CCP6STATLbits = 0x354
                    0x0356                  CCP6STATH = 0x356
                    0x0356                  _CCP6STATH = 0x356
                    0x0356                  _CCP6STATHbits = 0x356
                    0x0358                  CCP6TMRL = 0x358
                    0x0358                  _CCP6TMRL = 0x358
                    0x035a                  CCP6TMRH = 0x35a
                    0x035a                  _CCP6TMRH = 0x35a
                    0x035c                  CCP6PRL = 0x35c
                    0x035c                  _CCP6PRL = 0x35c
                    0x035e                  CCP6PRH = 0x35e
                    0x035e                  _CCP6PRH = 0x35e
                    0x0360                  CCP6RA = 0x360
                    0x0360                  _CCP6RA = 0x360
                    0x0360                  CCP6RAL = 0x360
                    0x0360                  _CCP6RAL = 0x360
                    0x0362                  CCP6RAH = 0x362
                    0x0362                  _CCP6RAH = 0x362
                    0x0364                  CCP6RB = 0x364
                    0x0364                  _CCP6RB = 0x364
                    0x0364                  CCP6RBL = 0x364
                    0x0364                  _CCP6RBL = 0x364
                    0x0366                  CCP6RBH = 0x366
                    0x0366                  _CCP6RBH = 0x366
                    0x0368                  CCP6BUFL = 0x368
                    0x0368                  _CCP6BUFL = 0x368
                    0x036a                  CCP6BUFH = 0x36a
                    0x036a                  _CCP6BUFH = 0x36a
                    0x036c                  CCP7CON1L = 0x36c
                    0x036c                  _CCP7CON1L = 0x36c
                    0x036c                  _CCP7CON1Lbits = 0x36c
                    0x036e                  CCP7CON1H = 0x36e
                    0x036e                  _CCP7CON1H = 0x36e
                    0x036e                  _CCP7CON1Hbits = 0x36e
                    0x0370                  CCP7CON2L = 0x370
                    0x0370                  _CCP7CON2L = 0x370
                    0x0370                  _CCP7CON2Lbits = 0x370
                    0x0372                  CCP7CON2H = 0x372
                    0x0372                  _CCP7CON2H = 0x372
                    0x0372                  _CCP7CON2Hbits = 0x372
                    0x0374                  CCP7CON3L = 0x374
                    0x0374                  _CCP7CON3L = 0x374
                    0x0374                  _CCP7CON3Lbits = 0x374
                    0x0376                  CCP7CON3H = 0x376
                    0x0376                  _CCP7CON3H = 0x376
                    0x0376                  _CCP7CON3Hbits = 0x376
                    0x0378                  CCP7STAT = 0x378
                    0x0378                  _CCP7STAT = 0x378
                    0x0378                  _CCP7STATbits = 0x378
                    0x0378                  CCP7STATL = 0x378
                    0x0378                  _CCP7STATL = 0x378
                    0x0378                  _CCP7STATLbits = 0x378
                    0x037a                  CCP7STATH = 0x37a
                    0x037a                  _CCP7STATH = 0x37a
                    0x037a                  _CCP7STATHbits = 0x37a
                    0x037c                  CCP7TMRL = 0x37c
                    0x037c                  _CCP7TMRL = 0x37c
                    0x037e                  CCP7TMRH = 0x37e
                    0x037e                  _CCP7TMRH = 0x37e
                    0x0380                  CCP7PRL = 0x380
                    0x0380                  _CCP7PRL = 0x380
                    0x0382                  CCP7PRH = 0x382
                    0x0382                  _CCP7PRH = 0x382
                    0x0384                  CCP7RA = 0x384
                    0x0384                  _CCP7RA = 0x384
                    0x0384                  CCP7RAL = 0x384
                    0x0384                  _CCP7RAL = 0x384
                    0x0386                  CCP7RAH = 0x386
                    0x0386                  _CCP7RAH = 0x386
                    0x0388                  CCP7RB = 0x388
                    0x0388                  _CCP7RB = 0x388
                    0x0388                  CCP7RBL = 0x388
                    0x0388                  _CCP7RBL = 0x388
                    0x038a                  CCP7RBH = 0x38a
                    0x038a                  _CCP7RBH = 0x38a
                    0x038c                  CCP7BUFL = 0x38c
                    0x038c                  _CCP7BUFL = 0x38c
                    0x038e                  CCP7BUFH = 0x38e
                    0x038e                  _CCP7BUFH = 0x38e
                    0x0398                  U1MODE = 0x398
                    0x0398                  _U1MODE = 0x398
                    0x0398                  _U1MODEbits = 0x398
                    0x039a                  U1STA = 0x39a
                    0x039a                  _U1STA = 0x39a
                    0x039a                  _U1STAbits = 0x39a
                    0x039c                  U1TXREG = 0x39c
                    0x039c                  _U1TXREG = 0x39c
                    0x039c                  _U1TXREGbits = 0x39c
                    0x039e                  U1RXREG = 0x39e
                    0x039e                  _U1RXREG = 0x39e
                    0x03a0                  U1BRG = 0x3a0
                    0x03a0                  _U1BRG = 0x3a0
                    0x03a2                  U1ADMD = 0x3a2
                    0x03a2                  _U1ADMD = 0x3a2
                    0x03a2                  _U1ADMDbits = 0x3a2
                    0x03a4                  U1SCCON = 0x3a4
                    0x03a4                  _U1SCCON = 0x3a4
                    0x03a4                  _U1SCCONbits = 0x3a4
                    0x03a6                  U1SCINT = 0x3a6
                    0x03a6                  _U1SCINT = 0x3a6
                    0x03a6                  _U1SCINTbits = 0x3a6
                    0x03a8                  U1GTC = 0x3a8
                    0x03a8                  _U1GTC = 0x3a8
                    0x03a8                  _U1GTCbits = 0x3a8
                    0x03aa                  U1WTCH = 0x3aa
                    0x03aa                  _U1WTCH = 0x3aa
                    0x03aa                  _U1WTCHbits = 0x3aa
                    0x03ac                  U1WTCL = 0x3ac
                    0x03ac                  _U1WTCL = 0x3ac
                    0x03ac                  _U1WTCLbits = 0x3ac
                    0x03ae                  U2MODE = 0x3ae
                    0x03ae                  _U2MODE = 0x3ae
                    0x03ae                  _U2MODEbits = 0x3ae
                    0x03b0                  U2STA = 0x3b0
                    0x03b0                  _U2STA = 0x3b0
                    0x03b0                  _U2STAbits = 0x3b0
                    0x03b2                  U2TXREG = 0x3b2
                    0x03b2                  _U2TXREG = 0x3b2
                    0x03b2                  _U2TXREGbits = 0x3b2
                    0x03b4                  U2RXREG = 0x3b4
                    0x03b4                  _U2RXREG = 0x3b4
                    0x03b6                  U2BRG = 0x3b6
                    0x03b6                  _U2BRG = 0x3b6
                    0x03b8                  U2ADMD = 0x3b8
                    0x03b8                  _U2ADMD = 0x3b8
                    0x03b8                  _U2ADMDbits = 0x3b8
                    0x03ba                  U2SCCON = 0x3ba
                    0x03ba                  _U2SCCON = 0x3ba